
> nextn@0.1.0 build
> next build

   Ôû▓ Next.js 15.5.14
   - Environments: .env.local, .env
   - Experiments (use with caution):
     ┬À serverActions
     ┬À optimizePackageImports

   Creating an optimized production build ...
node.exe : Failed to compile.
En línea: 1 Carácter: 1
+ & "C:\Program Files\nodejs/node.exe" "C:\Program Files\nodejs/node_mo ...
+ ~~~~~~~~~~~~~~~~~~~~~~~~~~~~~~~~~~~~~~~~~~~~~~~~~~~~~~~~~~~~~~~~~~~~~
    + CategoryInfo          : NotSpecified: (Failed to compile.:String) [], RemoteException
    + FullyQualifiedErrorId : NativeCommandError
 

./src/app/[locale]/(auth)/register/juridico/page.tsx
Error:   [31mx[0m Unexpected token. Did you mean `{'}'}` or `&rbrace;`?
     ,-[[36;1;4mC:\Users\Carlos\Documents\system 
kyron\System-Kyron\src\app\[locale]\(auth)\register\juridico\page.tsx[0m:919:1]
 [2m916[0m |     </motion.div>
 [2m917[0m |   </div>
 [2m918[0m | );
 [2m919[0m | }
     : [35;1m^[0m
     `----
  [31mx[0m Unexpected eof
     ,-[[36;1;4mC:\Users\Carlos\Documents\system 
kyron\System-Kyron\src\app\[locale]\(auth)\register\juridico\page.tsx[0m:919:4]
 [2m917[0m |   </div>
 [2m918[0m | );
 [2m919[0m | }
     `----

Caused by:
    Syntax Error

Import trace for requested module:
./src/app/[locale]/(auth)/register/juridico/page.tsx
./src/app/[locale]/(auth)/register/legal/page.tsx

./src/app/[locale]/(auth)/register/juridico/page.tsx
Error:   [31mx[0m Unexpected token. Did you mean `{'}'}` or `&rbrace;`?
     ,-[[36;1;4mC:\Users\Carlos\Documents\system 
kyron\System-Kyron\src\app\[locale]\(auth)\register\juridico\page.tsx[0m:919:1]
 [2m916[0m |     </motion.div>
 [2m917[0m |   </div>
 [2m918[0m | );
 [2m919[0m | }
     : [35;1m^[0m
     `----
  [31mx[0m Unexpected eof
     ,-[[36;1;4mC:\Users\Carlos\Documents\system 
kyron\System-Kyron\src\app\[locale]\(auth)\register\juridico\page.tsx[0m:919:4]
 [2m917[0m |   </div>
 [2m918[0m | );
 [2m919[0m | }
     `----

Caused by:
    Syntax Error

Import trace for requested module:
./src/app/[locale]/(auth)/register/juridico/page.tsx


> Build failed because of webpack errors
